2026-04-12 20:21:30 - ============================================================
2026-04-12 20:21:30 - [*] 实验: ContextGraph + GATv2 + 静态 Compatibility 建模 + Set Decoder
2026-04-12 20:21:30 - [*] 数据集: christianity
2026-04-12 20:21:30 - [*] 设备: cuda
2026-04-12 20:21:30 - [*] Recall@K: (5, 15, 25)
2026-04-12 20:21:30 - [*] Eval Scope: maxcc
2026-04-12 20:21:30 - [*] Warmup Epochs: 100
2026-04-12 20:21:30 - ============================================================
2026-04-12 20:22:15 - [*] 样本构建完成: kept=546, skipped_empty=0, skipped_no_source_in_maxcc=4
2026-04-12 20:22:15 - [*] 数据划分: train=382, val=82, test=82
2026-04-12 20:22:15 - [*] 预计算 AED 懒加载最短路查询器...
2026-04-12 20:22:21 - Epoch 001 | loss=0.4519 | val_score=0.4888 | f1=0.3473 | map=0.4530 | p@k=0.3338 | aed=1.2062 | count_mae=2.5488
2026-04-12 20:22:26 - Epoch 002 | loss=0.3919 | val_score=0.5274 | f1=0.3748 | map=0.4905 | p@k=0.3479 | aed=1.1607 | count_mae=2.5488
2026-04-12 20:22:31 - Epoch 003 | loss=0.3588 | val_score=0.5346 | f1=0.4005 | map=0.4830 | p@k=0.3837 | aed=1.1572 | count_mae=2.4390
2026-04-12 20:22:35 - Epoch 004 | loss=0.3607 | val_score=0.5761 | f1=0.4291 | map=0.5371 | p@k=0.4138 | aed=1.0916 | count_mae=2.3902
2026-04-12 20:22:40 - Epoch 005 | loss=0.3403 | val_score=0.5641 | f1=0.4212 | map=0.5220 | p@k=0.4020 | aed=1.1069 | count_mae=2.4024
2026-04-12 20:22:45 - Epoch 006 | loss=0.3375 | val_score=0.6067 | f1=0.4890 | map=0.5470 | p@k=0.4426 | aed=1.0295 | count_mae=2.2927
2026-04-12 20:22:52 - Epoch 007 | loss=0.3248 | val_score=0.6339 | f1=0.5008 | map=0.5662 | p@k=0.4649 | aed=0.9531 | count_mae=1.5976
2026-04-12 20:22:59 - Epoch 008 | loss=0.3223 | val_score=0.6082 | f1=0.4753 | map=0.5458 | p@k=0.4406 | aed=1.0087 | count_mae=1.5976
2026-04-12 20:23:07 - Epoch 009 | loss=0.3106 | val_score=0.6047 | f1=0.4616 | map=0.5556 | p@k=0.4183 | aed=1.0497 | count_mae=1.5976
2026-04-12 20:23:17 - Epoch 010 | loss=0.3097 | val_score=0.5973 | f1=0.4705 | map=0.5356 | p@k=0.4220 | aed=1.0520 | count_mae=1.5244
2026-04-12 20:23:25 - Epoch 011 | loss=0.3073 | val_score=0.6028 | f1=0.4483 | map=0.5469 | p@k=0.4215 | aed=1.0444 | count_mae=1.2073
2026-04-12 20:23:34 - Epoch 012 | loss=0.3024 | val_score=0.6140 | f1=0.4739 | map=0.5508 | p@k=0.4389 | aed=1.0312 | count_mae=1.3780
2026-04-12 20:23:43 - Epoch 013 | loss=0.2989 | val_score=0.6358 | f1=0.4880 | map=0.5699 | p@k=0.4732 | aed=0.9961 | count_mae=1.2805
2026-04-12 20:23:52 - Epoch 014 | loss=0.2941 | val_score=0.6185 | f1=0.4588 | map=0.5644 | p@k=0.4487 | aed=1.0181 | count_mae=1.5000
2026-04-12 20:24:02 - Epoch 015 | loss=0.2938 | val_score=0.6206 | f1=0.4702 | map=0.5628 | p@k=0.4529 | aed=1.0544 | count_mae=1.4390
2026-04-12 20:24:10 - Epoch 016 | loss=0.2834 | val_score=0.6366 | f1=0.4750 | map=0.5758 | p@k=0.4766 | aed=0.9943 | count_mae=1.3902
2026-04-12 20:24:16 - Epoch 017 | loss=0.2884 | val_score=0.6297 | f1=0.4752 | map=0.5790 | p@k=0.4587 | aed=0.9928 | count_mae=1.6463
2026-04-12 20:24:25 - Epoch 018 | loss=0.2901 | val_score=0.6169 | f1=0.4822 | map=0.5534 | p@k=0.4491 | aed=1.0705 | count_mae=1.4512
2026-04-12 20:24:34 - Epoch 019 | loss=0.2829 | val_score=0.6247 | f1=0.4698 | map=0.5674 | p@k=0.4717 | aed=1.0221 | count_mae=1.6341
2026-04-12 20:24:42 - Epoch 020 | loss=0.2755 | val_score=0.6526 | f1=0.4948 | map=0.5929 | p@k=0.4885 | aed=0.9714 | count_mae=1.2927
2026-04-12 20:24:52 - Epoch 021 | loss=0.2862 | val_score=0.6476 | f1=0.5011 | map=0.5788 | p@k=0.4806 | aed=1.0205 | count_mae=1.3659
2026-04-12 20:25:01 - Epoch 022 | loss=0.2777 | val_score=0.6494 | f1=0.4983 | map=0.5815 | p@k=0.4819 | aed=1.0125 | count_mae=1.3293
2026-04-12 20:25:10 - Epoch 023 | loss=0.2738 | val_score=0.6537 | f1=0.5123 | map=0.5865 | p@k=0.4895 | aed=0.9954 | count_mae=1.3537
2026-04-12 20:25:20 - Epoch 024 | loss=0.2724 | val_score=0.6594 | f1=0.5166 | map=0.5866 | p@k=0.4927 | aed=1.0061 | count_mae=1.2927
2026-04-12 20:25:27 - Epoch 025 | loss=0.2699 | val_score=0.6788 | f1=0.5232 | map=0.6189 | p@k=0.5080 | aed=0.9921 | count_mae=1.3415
2026-04-12 20:25:35 - Epoch 026 | loss=0.2739 | val_score=0.6481 | f1=0.5071 | map=0.5898 | p@k=0.4849 | aed=1.0437 | count_mae=1.5244
2026-04-12 20:25:42 - Epoch 027 | loss=0.2695 | val_score=0.6708 | f1=0.5163 | map=0.6098 | p@k=0.5152 | aed=0.9932 | count_mae=1.4878
2026-04-12 20:25:50 - Epoch 028 | loss=0.2648 | val_score=0.6582 | f1=0.5153 | map=0.5946 | p@k=0.4938 | aed=1.0027 | count_mae=1.4268
2026-04-12 20:25:57 - Epoch 029 | loss=0.2690 | val_score=0.6881 | f1=0.5374 | map=0.6213 | p@k=0.5365 | aed=0.9274 | count_mae=1.5732
2026-04-12 20:26:08 - Epoch 030 | loss=0.2680 | val_score=0.6734 | f1=0.5263 | map=0.6045 | p@k=0.5068 | aed=0.9931 | count_mae=1.3415
2026-04-12 20:26:17 - Epoch 031 | loss=0.2689 | val_score=0.6578 | f1=0.5010 | map=0.5986 | p@k=0.4935 | aed=0.9860 | count_mae=1.3902
2026-04-12 20:26:24 - Epoch 032 | loss=0.2667 | val_score=0.6734 | f1=0.5304 | map=0.6136 | p@k=0.5058 | aed=0.9796 | count_mae=1.5976
2026-04-12 20:26:32 - Epoch 033 | loss=0.2670 | val_score=0.6582 | f1=0.5055 | map=0.6008 | p@k=0.4911 | aed=1.0040 | count_mae=1.3537
2026-04-12 20:26:38 - Epoch 034 | loss=0.2684 | val_score=0.6468 | f1=0.5024 | map=0.5883 | p@k=0.4908 | aed=1.0484 | count_mae=1.7195
2026-04-12 20:26:46 - Epoch 035 | loss=0.2699 | val_score=0.6764 | f1=0.5285 | map=0.6149 | p@k=0.5028 | aed=0.9678 | count_mae=1.3537
2026-04-12 20:26:53 - Epoch 036 | loss=0.2625 | val_score=0.6711 | f1=0.5250 | map=0.6088 | p@k=0.5007 | aed=1.0392 | count_mae=1.5000
2026-04-12 20:27:00 - Epoch 037 | loss=0.2681 | val_score=0.6799 | f1=0.5213 | map=0.6199 | p@k=0.5110 | aed=0.9601 | count_mae=1.4634
2026-04-12 20:27:11 - Epoch 038 | loss=0.2624 | val_score=0.6577 | f1=0.5062 | map=0.6022 | p@k=0.4969 | aed=1.0060 | count_mae=1.5732
2026-04-12 20:27:20 - Epoch 039 | loss=0.2675 | val_score=0.6721 | f1=0.5150 | map=0.6153 | p@k=0.5058 | aed=1.0448 | count_mae=1.4390
2026-04-12 20:27:27 - Epoch 040 | loss=0.2632 | val_score=0.6915 | f1=0.5350 | map=0.6286 | p@k=0.5292 | aed=0.9404 | count_mae=1.5488
2026-04-12 20:27:38 - Epoch 041 | loss=0.2583 | val_score=0.6830 | f1=0.5363 | map=0.6160 | p@k=0.5220 | aed=0.9740 | count_mae=1.5122
2026-04-12 20:27:46 - Epoch 042 | loss=0.2637 | val_score=0.6699 | f1=0.4965 | map=0.6150 | p@k=0.5156 | aed=0.9854 | count_mae=1.6585
2026-04-12 20:27:54 - Epoch 043 | loss=0.2661 | val_score=0.6838 | f1=0.5250 | map=0.6278 | p@k=0.5160 | aed=0.9199 | count_mae=1.4512
2026-04-12 20:28:00 - Epoch 044 | loss=0.2632 | val_score=0.6608 | f1=0.5029 | map=0.6041 | p@k=0.5006 | aed=0.9953 | count_mae=1.6707
2026-04-12 20:28:10 - Epoch 045 | loss=0.2603 | val_score=0.6753 | f1=0.5093 | map=0.6212 | p@k=0.5119 | aed=0.9968 | count_mae=1.5610
2026-04-12 20:28:18 - Epoch 046 | loss=0.2605 | val_score=0.6625 | f1=0.5173 | map=0.6035 | p@k=0.4908 | aed=1.0116 | count_mae=1.5122
2026-04-12 20:28:27 - Epoch 047 | loss=0.2618 | val_score=0.6824 | f1=0.5132 | map=0.6202 | p@k=0.5107 | aed=0.9979 | count_mae=1.3415
2026-04-12 20:28:34 - Epoch 048 | loss=0.2610 | val_score=0.6768 | f1=0.5137 | map=0.6177 | p@k=0.5118 | aed=0.8974 | count_mae=1.4390
2026-04-12 20:28:42 - Epoch 049 | loss=0.2619 | val_score=0.6967 | f1=0.5254 | map=0.6325 | p@k=0.5292 | aed=0.9473 | count_mae=1.3049
2026-04-12 20:28:50 - Epoch 050 | loss=0.2604 | val_score=0.6670 | f1=0.5048 | map=0.6101 | p@k=0.4921 | aed=0.9982 | count_mae=1.3415
2026-04-12 20:28:58 - Epoch 051 | loss=0.2647 | val_score=0.6903 | f1=0.5143 | map=0.6294 | p@k=0.5273 | aed=0.9511 | count_mae=1.3171
2026-04-12 20:29:07 - Epoch 052 | loss=0.2592 | val_score=0.6961 | f1=0.5202 | map=0.6356 | p@k=0.5326 | aed=0.9688 | count_mae=1.2439
2026-04-12 20:29:16 - Epoch 053 | loss=0.2601 | val_score=0.7037 | f1=0.5399 | map=0.6411 | p@k=0.5440 | aed=1.0002 | count_mae=1.2805
2026-04-12 20:29:24 - Epoch 054 | loss=0.2574 | val_score=0.6763 | f1=0.5101 | map=0.6168 | p@k=0.5137 | aed=0.9137 | count_mae=1.3171
2026-04-12 20:29:32 - Epoch 055 | loss=0.2583 | val_score=0.6671 | f1=0.5077 | map=0.6077 | p@k=0.4942 | aed=1.0180 | count_mae=1.3537
2026-04-12 20:29:42 - Epoch 056 | loss=0.2556 | val_score=0.6964 | f1=0.5122 | map=0.6327 | p@k=0.5401 | aed=0.9211 | count_mae=1.2805
2026-04-12 20:29:48 - Epoch 057 | loss=0.2523 | val_score=0.6754 | f1=0.5033 | map=0.6284 | p@k=0.5142 | aed=0.9541 | count_mae=1.6341
2026-04-12 20:29:56 - Epoch 058 | loss=0.2555 | val_score=0.7001 | f1=0.5251 | map=0.6451 | p@k=0.5331 | aed=0.9663 | count_mae=1.3537
2026-04-12 20:30:05 - Epoch 059 | loss=0.2561 | val_score=0.6760 | f1=0.5073 | map=0.6212 | p@k=0.5025 | aed=0.9351 | count_mae=1.3537
2026-04-12 20:30:12 - Epoch 060 | loss=0.2617 | val_score=0.7023 | f1=0.5272 | map=0.6410 | p@k=0.5420 | aed=0.9457 | count_mae=1.4512
2026-04-12 20:30:23 - Epoch 061 | loss=0.2558 | val_score=0.6800 | f1=0.5067 | map=0.6215 | p@k=0.5204 | aed=1.0038 | count_mae=1.4024
2026-04-12 20:30:32 - Epoch 062 | loss=0.2526 | val_score=0.6993 | f1=0.5238 | map=0.6343 | p@k=0.5372 | aed=0.9912 | count_mae=1.2805
2026-04-12 20:30:41 - Epoch 063 | loss=0.2547 | val_score=0.6760 | f1=0.5067 | map=0.6237 | p@k=0.5024 | aed=0.9633 | count_mae=1.3659
2026-04-12 20:30:48 - Epoch 064 | loss=0.2548 | val_score=0.7208 | f1=0.5568 | map=0.6558 | p@k=0.5752 | aed=0.8652 | count_mae=1.4146
2026-04-12 20:30:56 - Epoch 065 | loss=0.2507 | val_score=0.6897 | f1=0.5086 | map=0.6337 | p@k=0.5296 | aed=0.9646 | count_mae=1.3415
2026-04-12 20:31:06 - Epoch 066 | loss=0.2548 | val_score=0.6987 | f1=0.5285 | map=0.6376 | p@k=0.5360 | aed=0.9538 | count_mae=1.2683
2026-04-12 20:31:15 - Epoch 067 | loss=0.2551 | val_score=0.6977 | f1=0.5292 | map=0.6372 | p@k=0.5420 | aed=0.8912 | count_mae=1.2927
2026-04-12 20:31:25 - Epoch 068 | loss=0.2544 | val_score=0.6822 | f1=0.5061 | map=0.6182 | p@k=0.5192 | aed=1.0073 | count_mae=1.3293
2026-04-12 20:31:32 - Epoch 069 | loss=0.2501 | val_score=0.7049 | f1=0.5383 | map=0.6485 | p@k=0.5489 | aed=0.9566 | count_mae=1.4878
2026-04-12 20:31:42 - Epoch 070 | loss=0.2479 | val_score=0.6925 | f1=0.5236 | map=0.6343 | p@k=0.5236 | aed=0.9716 | count_mae=1.3537
2026-04-12 20:31:51 - Epoch 071 | loss=0.2501 | val_score=0.6857 | f1=0.5110 | map=0.6349 | p@k=0.5188 | aed=0.9027 | count_mae=1.3415
2026-04-12 20:31:59 - Epoch 072 | loss=0.2490 | val_score=0.6712 | f1=0.5067 | map=0.6118 | p@k=0.5086 | aed=0.9459 | count_mae=1.4634
2026-04-12 20:32:09 - Epoch 073 | loss=0.2465 | val_score=0.6839 | f1=0.5249 | map=0.6183 | p@k=0.5281 | aed=1.0120 | count_mae=1.4512
2026-04-12 20:32:18 - Epoch 074 | loss=0.2475 | val_score=0.6852 | f1=0.4977 | map=0.6266 | p@k=0.5208 | aed=0.9596 | count_mae=1.3415
2026-04-12 20:32:25 - Epoch 075 | loss=0.2522 | val_score=0.7172 | f1=0.5450 | map=0.6586 | p@k=0.5638 | aed=0.8901 | count_mae=1.4268
2026-04-12 20:32:34 - Epoch 076 | loss=0.2473 | val_score=0.7077 | f1=0.5603 | map=0.6443 | p@k=0.5525 | aed=1.0161 | count_mae=1.4390
2026-04-12 20:32:41 - Epoch 077 | loss=0.2486 | val_score=0.7013 | f1=0.5265 | map=0.6477 | p@k=0.5465 | aed=0.8773 | count_mae=1.6463
2026-04-12 20:32:48 - Epoch 078 | loss=0.2448 | val_score=0.7021 | f1=0.5351 | map=0.6442 | p@k=0.5342 | aed=0.9769 | count_mae=1.3537
2026-04-12 20:32:57 - Epoch 079 | loss=0.2438 | val_score=0.6886 | f1=0.5301 | map=0.6298 | p@k=0.5230 | aed=1.0349 | count_mae=1.4390
2026-04-12 20:33:06 - Epoch 080 | loss=0.2465 | val_score=0.6921 | f1=0.5178 | map=0.6319 | p@k=0.5203 | aed=0.9811 | count_mae=1.2927
2026-04-12 20:33:15 - Epoch 081 | loss=0.2454 | val_score=0.6954 | f1=0.5286 | map=0.6369 | p@k=0.5260 | aed=0.9627 | count_mae=1.3537
2026-04-12 20:33:23 - Epoch 082 | loss=0.2502 | val_score=0.6961 | f1=0.5212 | map=0.6399 | p@k=0.5360 | aed=0.8969 | count_mae=1.3171
2026-04-12 20:33:30 - Epoch 083 | loss=0.2501 | val_score=0.6964 | f1=0.5296 | map=0.6343 | p@k=0.5470 | aed=0.8923 | count_mae=1.5854
2026-04-12 20:33:40 - Epoch 084 | loss=0.2424 | val_score=0.6914 | f1=0.5182 | map=0.6369 | p@k=0.5208 | aed=0.9628 | count_mae=1.4756
2026-04-12 20:33:49 - Epoch 085 | loss=0.2487 | val_score=0.6886 | f1=0.5197 | map=0.6329 | p@k=0.5150 | aed=0.9410 | count_mae=1.3780
2026-04-12 20:33:56 - Epoch 086 | loss=0.2453 | val_score=0.6880 | f1=0.5226 | map=0.6372 | p@k=0.5333 | aed=0.9889 | count_mae=1.6220
2026-04-12 20:34:06 - Epoch 087 | loss=0.2476 | val_score=0.6822 | f1=0.5331 | map=0.6240 | p@k=0.5126 | aed=0.9889 | count_mae=1.5976
2026-04-12 20:34:15 - Epoch 088 | loss=0.2388 | val_score=0.7040 | f1=0.5382 | map=0.6500 | p@k=0.5428 | aed=0.9938 | count_mae=1.3902
2026-04-12 20:34:24 - Epoch 089 | loss=0.2459 | val_score=0.6882 | f1=0.5336 | map=0.6346 | p@k=0.5165 | aed=0.9915 | count_mae=1.4512
2026-04-12 20:34:32 - Epoch 090 | loss=0.2535 | val_score=0.7114 | f1=0.5436 | map=0.6512 | p@k=0.5555 | aed=0.9476 | count_mae=1.4024
2026-04-12 20:34:42 - Epoch 091 | loss=0.2427 | val_score=0.7018 | f1=0.5237 | map=0.6420 | p@k=0.5375 | aed=0.9176 | count_mae=1.3780
2026-04-12 20:34:52 - Epoch 092 | loss=0.2447 | val_score=0.6909 | f1=0.5213 | map=0.6377 | p@k=0.5162 | aed=1.0002 | count_mae=1.4024
2026-04-12 20:35:01 - Epoch 093 | loss=0.2391 | val_score=0.6932 | f1=0.5237 | map=0.6390 | p@k=0.5153 | aed=0.9753 | count_mae=1.3415
2026-04-12 20:35:09 - Epoch 094 | loss=0.2418 | val_score=0.6931 | f1=0.5344 | map=0.6378 | p@k=0.5208 | aed=0.9939 | count_mae=1.4024
2026-04-12 20:35:17 - Epoch 095 | loss=0.2400 | val_score=0.7148 | f1=0.5365 | map=0.6681 | p@k=0.5561 | aed=0.9662 | count_mae=1.2927
2026-04-12 20:35:28 - Epoch 096 | loss=0.2366 | val_score=0.7153 | f1=0.5449 | map=0.6610 | p@k=0.5664 | aed=0.9547 | count_mae=1.7317
2026-04-12 20:35:38 - Epoch 097 | loss=0.2408 | val_score=0.6787 | f1=0.5111 | map=0.6256 | p@k=0.5233 | aed=0.9982 | count_mae=1.6951
2026-04-12 20:35:47 - Epoch 098 | loss=0.2469 | val_score=0.6726 | f1=0.5110 | map=0.6193 | p@k=0.4961 | aed=1.0019 | count_mae=1.3780
2026-04-12 20:35:56 - Epoch 099 | loss=0.2417 | val_score=0.6903 | f1=0.5190 | map=0.6351 | p@k=0.5266 | aed=0.9816 | count_mae=1.4024
2026-04-12 20:36:05 - Epoch 100 | loss=0.2457 | val_score=0.7334 | f1=0.5545 | map=0.6869 | p@k=0.5836 | aed=0.9564 | count_mae=1.4512
2026-04-12 20:36:14 - Epoch 101 | loss=0.6761 | val_score=0.7352 | f1=0.5497 | map=0.6796 | p@k=0.5902 | aed=0.9297 | count_mae=1.3902
2026-04-12 20:36:23 - Epoch 102 | loss=0.6223 | val_score=0.7014 | f1=0.5287 | map=0.6451 | p@k=0.5456 | aed=0.8715 | count_mae=1.4146
2026-04-12 20:36:34 - Epoch 103 | loss=0.5968 | val_score=0.7047 | f1=0.5295 | map=0.6511 | p@k=0.5287 | aed=0.9347 | count_mae=1.3415
2026-04-12 20:36:43 - Epoch 104 | loss=0.5973 | val_score=0.7334 | f1=0.5697 | map=0.6756 | p@k=0.5794 | aed=0.9146 | count_mae=1.4146
2026-04-12 20:36:53 - Epoch 105 | loss=0.5944 | val_score=0.7073 | f1=0.5658 | map=0.6495 | p@k=0.5327 | aed=0.9777 | count_mae=1.5244
2026-04-12 20:37:03 - Epoch 106 | loss=0.5792 | val_score=0.7366 | f1=0.5644 | map=0.6745 | p@k=0.5822 | aed=0.8664 | count_mae=1.3659
2026-04-12 20:37:16 - Epoch 107 | loss=0.5855 | val_score=0.6700 | f1=0.5159 | map=0.6090 | p@k=0.5028 | aed=1.0074 | count_mae=1.4634
2026-04-12 20:37:24 - Epoch 108 | loss=0.5779 | val_score=0.7475 | f1=0.5794 | map=0.6939 | p@k=0.5866 | aed=0.9190 | count_mae=1.3659
2026-04-12 20:37:34 - Epoch 109 | loss=0.5925 | val_score=0.7405 | f1=0.5749 | map=0.6811 | p@k=0.5928 | aed=0.8613 | count_mae=1.4756
2026-04-12 20:37:46 - Epoch 110 | loss=0.5696 | val_score=0.6653 | f1=0.5004 | map=0.6084 | p@k=0.5007 | aed=1.0530 | count_mae=1.4146
2026-04-12 20:37:56 - Epoch 111 | loss=0.5789 | val_score=0.7505 | f1=0.5864 | map=0.6896 | p@k=0.5922 | aed=0.8292 | count_mae=1.4390
2026-04-12 20:38:06 - Epoch 112 | loss=0.5646 | val_score=0.7116 | f1=0.5693 | map=0.6447 | p@k=0.5544 | aed=0.9814 | count_mae=1.5976
2026-04-12 20:38:16 - Epoch 113 | loss=0.5729 | val_score=0.7288 | f1=0.5657 | map=0.6675 | p@k=0.5704 | aed=0.8607 | count_mae=1.4512
2026-04-12 20:38:27 - Epoch 114 | loss=0.5707 | val_score=0.7221 | f1=0.5641 | map=0.6618 | p@k=0.5598 | aed=0.9038 | count_mae=1.5122
2026-04-12 20:38:38 - Epoch 115 | loss=0.5761 | val_score=0.7271 | f1=0.5674 | map=0.6649 | p@k=0.5637 | aed=0.9049 | count_mae=1.4390
2026-04-12 20:38:51 - Epoch 116 | loss=0.5571 | val_score=0.7029 | f1=0.5490 | map=0.6403 | p@k=0.5446 | aed=0.9338 | count_mae=1.5976
2026-04-12 20:39:04 - Epoch 117 | loss=0.5652 | val_score=0.6666 | f1=0.4981 | map=0.6175 | p@k=0.5000 | aed=1.0272 | count_mae=1.4146
2026-04-12 20:39:14 - Epoch 118 | loss=0.5588 | val_score=0.7153 | f1=0.5583 | map=0.6659 | p@k=0.5577 | aed=0.9388 | count_mae=1.5366
2026-04-12 20:39:23 - Epoch 119 | loss=0.5619 | val_score=0.7200 | f1=0.5649 | map=0.6637 | p@k=0.5641 | aed=0.9123 | count_mae=1.4878
2026-04-12 20:39:33 - Epoch 120 | loss=0.5651 | val_score=0.7385 | f1=0.5816 | map=0.6852 | p@k=0.5637 | aed=0.9595 | count_mae=1.4512
2026-04-12 20:39:45 - Epoch 121 | loss=0.5661 | val_score=0.6968 | f1=0.5469 | map=0.6430 | p@k=0.5290 | aed=0.9426 | count_mae=1.4268
2026-04-12 20:39:55 - Epoch 122 | loss=0.5639 | val_score=0.7419 | f1=0.5717 | map=0.6894 | p@k=0.5877 | aed=0.9010 | count_mae=1.3415
2026-04-12 20:40:06 - Epoch 123 | loss=0.5521 | val_score=0.7164 | f1=0.5541 | map=0.6555 | p@k=0.5621 | aed=0.9181 | count_mae=1.4512
2026-04-12 20:40:14 - Epoch 124 | loss=0.5551 | val_score=0.7555 | f1=0.5785 | map=0.7064 | p@k=0.6084 | aed=0.8786 | count_mae=1.3293
2026-04-12 20:40:23 - Epoch 125 | loss=0.5473 | val_score=0.7280 | f1=0.5613 | map=0.6671 | p@k=0.5740 | aed=0.8847 | count_mae=1.5000
2026-04-12 20:40:31 - Epoch 126 | loss=0.5672 | val_score=0.7591 | f1=0.5870 | map=0.7009 | p@k=0.6137 | aed=0.8538 | count_mae=1.4634
2026-04-12 20:40:44 - Epoch 127 | loss=0.5592 | val_score=0.6751 | f1=0.5247 | map=0.6132 | p@k=0.5143 | aed=1.0176 | count_mae=1.8049
2026-04-12 20:40:55 - Epoch 128 | loss=0.5512 | val_score=0.6716 | f1=0.5161 | map=0.6124 | p@k=0.5084 | aed=1.0321 | count_mae=1.5610
2026-04-12 20:41:06 - Epoch 129 | loss=0.5685 | val_score=0.7123 | f1=0.5537 | map=0.6555 | p@k=0.5413 | aed=0.9472 | count_mae=1.4634
2026-04-12 20:41:16 - Epoch 130 | loss=0.5523 | val_score=0.7167 | f1=0.5443 | map=0.6525 | p@k=0.5555 | aed=0.9660 | count_mae=1.3780
2026-04-12 20:41:26 - Epoch 131 | loss=0.5444 | val_score=0.7219 | f1=0.5533 | map=0.6611 | p@k=0.5718 | aed=0.8907 | count_mae=1.4268
2026-04-12 20:41:36 - Epoch 132 | loss=0.5413 | val_score=0.7179 | f1=0.5575 | map=0.6575 | p@k=0.5608 | aed=0.9066 | count_mae=1.4512
2026-04-12 20:41:46 - Epoch 133 | loss=0.5531 | val_score=0.6967 | f1=0.5350 | map=0.6308 | p@k=0.5331 | aed=0.9736 | count_mae=1.4756
2026-04-12 20:41:55 - Epoch 134 | loss=0.5591 | val_score=0.7557 | f1=0.5825 | map=0.6903 | p@k=0.6154 | aed=0.8120 | count_mae=1.4146
2026-04-12 20:42:05 - Epoch 135 | loss=0.5462 | val_score=0.7276 | f1=0.5559 | map=0.6665 | p@k=0.5710 | aed=0.9027 | count_mae=1.4024
2026-04-12 20:42:15 - Epoch 136 | loss=0.5370 | val_score=0.7404 | f1=0.5765 | map=0.6774 | p@k=0.5898 | aed=0.8495 | count_mae=1.3780
2026-04-12 20:42:25 - Epoch 137 | loss=0.5522 | val_score=0.7061 | f1=0.5542 | map=0.6478 | p@k=0.5419 | aed=0.9645 | count_mae=1.4390
2026-04-12 20:42:36 - Epoch 138 | loss=0.5412 | val_score=0.7229 | f1=0.5762 | map=0.6612 | p@k=0.5757 | aed=0.9300 | count_mae=1.7439
2026-04-12 20:42:44 - Epoch 139 | loss=0.5351 | val_score=0.7449 | f1=0.5750 | map=0.6863 | p@k=0.5985 | aed=0.9084 | count_mae=1.5122
2026-04-12 20:42:52 - Epoch 140 | loss=0.5303 | val_score=0.7156 | f1=0.5618 | map=0.6510 | p@k=0.5688 | aed=0.9112 | count_mae=1.6463
2026-04-12 20:43:03 - Epoch 141 | loss=0.5538 | val_score=0.7090 | f1=0.5432 | map=0.6446 | p@k=0.5521 | aed=0.9531 | count_mae=1.4268
2026-04-12 20:43:14 - Epoch 142 | loss=0.5507 | val_score=0.7234 | f1=0.5604 | map=0.6649 | p@k=0.5659 | aed=0.9097 | count_mae=1.4512
2026-04-12 20:43:25 - Epoch 143 | loss=0.5391 | val_score=0.6956 | f1=0.5243 | map=0.6388 | p@k=0.5409 | aed=0.9916 | count_mae=1.5000
2026-04-12 20:43:34 - Epoch 144 | loss=0.5494 | val_score=0.7371 | f1=0.5634 | map=0.6782 | p@k=0.5946 | aed=0.8450 | count_mae=1.5610
2026-04-12 20:43:43 - Epoch 145 | loss=0.5375 | val_score=0.7404 | f1=0.5717 | map=0.6804 | p@k=0.6010 | aed=0.9205 | count_mae=1.4756
2026-04-12 20:43:52 - Epoch 146 | loss=0.5427 | val_score=0.7167 | f1=0.5500 | map=0.6576 | p@k=0.5683 | aed=0.9624 | count_mae=1.5732
2026-04-12 20:44:01 - Epoch 147 | loss=0.5394 | val_score=0.7102 | f1=0.5421 | map=0.6559 | p@k=0.5518 | aed=0.9444 | count_mae=1.4146
2026-04-12 20:44:09 - Epoch 148 | loss=0.5418 | val_score=0.7556 | f1=0.5824 | map=0.6904 | p@k=0.6122 | aed=0.8442 | count_mae=1.4390
2026-04-12 20:44:19 - Epoch 149 | loss=0.5240 | val_score=0.7179 | f1=0.5379 | map=0.6591 | p@k=0.5610 | aed=0.8934 | count_mae=1.4268
2026-04-12 20:44:30 - Epoch 150 | loss=0.5410 | val_score=0.6986 | f1=0.5424 | map=0.6367 | p@k=0.5432 | aed=0.9379 | count_mae=1.5488
2026-04-12 20:44:41 - Epoch 151 | loss=0.5398 | val_score=0.7180 | f1=0.5501 | map=0.6527 | p@k=0.5690 | aed=0.9118 | count_mae=1.4390
2026-04-12 20:44:53 - Epoch 152 | loss=0.5316 | val_score=0.6911 | f1=0.5292 | map=0.6332 | p@k=0.5342 | aed=1.0027 | count_mae=1.4512
2026-04-12 20:45:04 - Epoch 153 | loss=0.5347 | val_score=0.7219 | f1=0.5718 | map=0.6590 | p@k=0.5641 | aed=0.9328 | count_mae=1.5122
2026-04-12 20:45:17 - Epoch 154 | loss=0.5283 | val_score=0.6998 | f1=0.5510 | map=0.6424 | p@k=0.5479 | aed=0.9432 | count_mae=1.8049
2026-04-12 20:45:25 - Epoch 155 | loss=0.5445 | val_score=0.7305 | f1=0.5695 | map=0.6731 | p@k=0.5776 | aed=0.8769 | count_mae=1.5000
2026-04-12 20:45:33 - Epoch 156 | loss=0.5397 | val_score=0.7166 | f1=0.5427 | map=0.6553 | p@k=0.5752 | aed=0.8937 | count_mae=1.5854
2026-04-12 20:45:44 - Epoch 157 | loss=0.5339 | val_score=0.7052 | f1=0.5368 | map=0.6429 | p@k=0.5514 | aed=0.9260 | count_mae=1.4634
2026-04-12 20:45:55 - Epoch 158 | loss=0.5324 | val_score=0.7330 | f1=0.5686 | map=0.6678 | p@k=0.5861 | aed=0.9217 | count_mae=1.4268
2026-04-12 20:46:04 - Epoch 159 | loss=0.5239 | val_score=0.6831 | f1=0.5213 | map=0.6181 | p@k=0.5272 | aed=0.9444 | count_mae=1.4390
2026-04-12 20:46:15 - Epoch 160 | loss=0.5502 | val_score=0.7364 | f1=0.5581 | map=0.6777 | p@k=0.5891 | aed=0.8677 | count_mae=1.4024
2026-04-12 20:46:26 - Epoch 161 | loss=0.5376 | val_score=0.7118 | f1=0.5524 | map=0.6504 | p@k=0.5561 | aed=0.8829 | count_mae=1.4634
2026-04-12 20:46:35 - Epoch 162 | loss=0.5324 | val_score=0.7413 | f1=0.5827 | map=0.6778 | p@k=0.5860 | aed=0.9143 | count_mae=1.4390
2026-04-12 20:46:47 - Epoch 163 | loss=0.5386 | val_score=0.6940 | f1=0.5165 | map=0.6332 | p@k=0.5380 | aed=0.9411 | count_mae=1.4024
2026-04-12 20:46:56 - Epoch 164 | loss=0.5537 | val_score=0.6765 | f1=0.5218 | map=0.6161 | p@k=0.5210 | aed=0.9744 | count_mae=1.5488
2026-04-12 20:47:05 - Epoch 165 | loss=0.5324 | val_score=0.7419 | f1=0.5544 | map=0.6902 | p@k=0.5913 | aed=0.8639 | count_mae=1.3902
2026-04-12 20:47:13 - Epoch 166 | loss=0.5271 | val_score=0.7438 | f1=0.5699 | map=0.6888 | p@k=0.5920 | aed=0.8461 | count_mae=1.3902
2026-04-12 20:47:24 - Epoch 167 | loss=0.5258 | val_score=0.7107 | f1=0.5467 | map=0.6514 | p@k=0.5611 | aed=0.9691 | count_mae=1.4268
2026-04-12 20:47:34 - Epoch 168 | loss=0.5341 | val_score=0.6808 | f1=0.5297 | map=0.6200 | p@k=0.5122 | aed=0.9939 | count_mae=1.4756
2026-04-12 20:47:43 - Epoch 169 | loss=0.5219 | val_score=0.7347 | f1=0.5718 | map=0.6734 | p@k=0.5894 | aed=0.9106 | count_mae=1.4268
2026-04-12 20:47:51 - Epoch 170 | loss=0.5330 | val_score=0.7632 | f1=0.5972 | map=0.7039 | p@k=0.6141 | aed=0.8573 | count_mae=1.4390
2026-04-12 20:48:00 - Epoch 171 | loss=0.5369 | val_score=0.7359 | f1=0.5559 | map=0.6839 | p@k=0.5897 | aed=0.9162 | count_mae=1.4390
2026-04-12 20:48:08 - Epoch 172 | loss=0.5213 | val_score=0.7106 | f1=0.5478 | map=0.6489 | p@k=0.5675 | aed=0.8969 | count_mae=1.6341
2026-04-12 20:48:16 - Epoch 173 | loss=0.5294 | val_score=0.7545 | f1=0.5816 | map=0.7013 | p@k=0.5933 | aed=0.9075 | count_mae=1.5000
2026-04-12 20:48:25 - Epoch 174 | loss=0.5330 | val_score=0.7070 | f1=0.5446 | map=0.6472 | p@k=0.5467 | aed=0.9213 | count_mae=1.5000
2026-04-12 20:48:36 - Epoch 175 | loss=0.5347 | val_score=0.7184 | f1=0.5481 | map=0.6598 | p@k=0.5812 | aed=0.8459 | count_mae=1.6951
2026-04-12 20:48:46 - Epoch 176 | loss=0.5229 | val_score=0.7400 | f1=0.5676 | map=0.6814 | p@k=0.5875 | aed=0.8678 | count_mae=1.4024
2026-04-12 20:48:56 - Epoch 177 | loss=0.5183 | val_score=0.7239 | f1=0.5494 | map=0.6658 | p@k=0.5713 | aed=0.9052 | count_mae=1.5488
2026-04-12 20:49:06 - Epoch 178 | loss=0.5300 | val_score=0.7469 | f1=0.5895 | map=0.6913 | p@k=0.5880 | aed=0.8911 | count_mae=1.4634
2026-04-12 20:49:18 - Epoch 179 | loss=0.5176 | val_score=0.6835 | f1=0.5146 | map=0.6362 | p@k=0.5233 | aed=0.9747 | count_mae=1.8293
2026-04-12 20:49:30 - Epoch 180 | loss=0.5285 | val_score=0.7223 | f1=0.5579 | map=0.6554 | p@k=0.5768 | aed=0.8991 | count_mae=1.4634
2026-04-12 20:49:41 - Epoch 181 | loss=0.5238 | val_score=0.7191 | f1=0.5493 | map=0.6589 | p@k=0.5672 | aed=0.8990 | count_mae=1.4756
2026-04-12 20:49:49 - Epoch 182 | loss=0.5248 | val_score=0.7244 | f1=0.5615 | map=0.6639 | p@k=0.5782 | aed=0.9126 | count_mae=1.5976
2026-04-12 20:49:59 - Epoch 183 | loss=0.5261 | val_score=0.7402 | f1=0.5685 | map=0.6797 | p@k=0.5926 | aed=0.8727 | count_mae=1.3659
2026-04-12 20:50:08 - Epoch 184 | loss=0.5261 | val_score=0.7485 | f1=0.5764 | map=0.6871 | p@k=0.6016 | aed=0.9004 | count_mae=1.4146
2026-04-12 20:50:20 - Epoch 185 | loss=0.5162 | val_score=0.7274 | f1=0.5821 | map=0.6625 | p@k=0.5754 | aed=0.9097 | count_mae=1.5366
2026-04-12 20:50:29 - Epoch 186 | loss=0.4974 | val_score=0.7243 | f1=0.5595 | map=0.6665 | p@k=0.5635 | aed=0.9670 | count_mae=1.3902
2026-04-12 20:50:39 - Epoch 187 | loss=0.5155 | val_score=0.6633 | f1=0.4999 | map=0.6035 | p@k=0.5056 | aed=1.0437 | count_mae=1.4756
2026-04-12 20:50:49 - Epoch 188 | loss=0.5281 | val_score=0.7334 | f1=0.5622 | map=0.6769 | p@k=0.5776 | aed=0.9289 | count_mae=1.3780
2026-04-12 20:51:00 - Epoch 189 | loss=0.5160 | val_score=0.7174 | f1=0.5605 | map=0.6566 | p@k=0.5615 | aed=0.9030 | count_mae=1.5244
2026-04-12 20:51:11 - Epoch 190 | loss=0.5064 | val_score=0.7150 | f1=0.5422 | map=0.6473 | p@k=0.5637 | aed=0.8680 | count_mae=1.4634
2026-04-12 20:51:21 - Epoch 191 | loss=0.5223 | val_score=0.6936 | f1=0.5308 | map=0.6362 | p@k=0.5467 | aed=0.9478 | count_mae=1.4756
2026-04-12 20:51:31 - Epoch 192 | loss=0.5240 | val_score=0.7482 | f1=0.5738 | map=0.6971 | p@k=0.5978 | aed=0.9055 | count_mae=1.3902
2026-04-12 20:51:40 - Epoch 193 | loss=0.5192 | val_score=0.7507 | f1=0.5752 | map=0.6962 | p@k=0.6076 | aed=0.8614 | count_mae=1.4634
2026-04-12 20:51:51 - Epoch 194 | loss=0.5156 | val_score=0.7263 | f1=0.5565 | map=0.6672 | p@k=0.5757 | aed=0.9023 | count_mae=1.4512
2026-04-12 20:52:00 - Epoch 195 | loss=0.5206 | val_score=0.6922 | f1=0.5291 | map=0.6381 | p@k=0.5343 | aed=0.9779 | count_mae=1.4268
2026-04-12 20:52:09 - Epoch 196 | loss=0.5147 | val_score=0.7373 | f1=0.5654 | map=0.6771 | p@k=0.5903 | aed=0.8691 | count_mae=1.4146
2026-04-12 20:52:21 - Epoch 197 | loss=0.5210 | val_score=0.7626 | f1=0.6019 | map=0.7066 | p@k=0.6098 | aed=0.8301 | count_mae=1.4390
2026-04-12 20:52:31 - Epoch 198 | loss=0.5043 | val_score=0.7463 | f1=0.5812 | map=0.6840 | p@k=0.5956 | aed=0.8893 | count_mae=1.4878
2026-04-12 20:52:39 - Epoch 199 | loss=0.5173 | val_score=0.7172 | f1=0.5268 | map=0.6591 | p@k=0.5640 | aed=0.9357 | count_mae=1.4512
2026-04-12 20:52:51 - Epoch 200 | loss=0.5150 | val_score=0.7195 | f1=0.5528 | map=0.6594 | p@k=0.5662 | aed=0.9230 | count_mae=1.4756
2026-04-12 20:54:11 - 
============================================================
2026-04-12 20:54:11 - [*] 最佳 Epoch: 170
2026-04-12 20:54:11 - [*] 最佳验证分数: 0.7632
2026-04-12 20:54:11 - [*] 测试 AUC       : 0.8259
2026-04-12 20:54:11 - [*] 测试 Precision : 0.4898
2026-04-12 20:54:11 - [*] 测试 Recall    : 0.6520
2026-04-12 20:54:11 - [*] 测试 F1        : 0.5348
2026-04-12 20:54:11 - [*] 测试 Recall@5  : 0.7074
2026-04-12 20:54:11 - [*] 测试 Recall@15 : 0.8989
2026-04-12 20:54:11 - [*] 测试 Recall@25 : 0.9504
2026-04-12 20:54:11 - [*] 测试 MAP       : 0.6854
2026-04-12 20:54:11 - [*] 测试 P@K_true  : 0.6012
2026-04-12 20:54:11 - [*] 测试 AED       : 0.8288
2026-04-12 20:54:11 - [*] Count MAE      : 1.5000
2026-04-12 20:54:11 - [*] Count Acc      : 0.2073
2026-04-12 20:54:11 - [*] Count Within 1 : 0.6098
2026-04-12 20:54:11 - ============================================================
